{[
   if_statement: [
     condition: {:variable, "a"},
     yes: [return_statement: {:integer, "1"}],
     no: [
       if_statement: [
         condition: {:function_call,
          [calle: {:identifier, "cond"}, args: [variable: "a", integer: "4"]]},
         yes: [return_statement: {:integer, "2"}],
         no: [
           if_statement: [
             condition: {:boolean, "true"},
             yes: [return_statement: {:integer, "3"}],
             no: []
           ]
         ]
       ]
     ]
   ]
 ], []}