[
  function_declaration: [
    identifier: <<109, 97, 105, 110>>,
    function_arguments: [],
    function_body: [
      if_statement: [
        condition: {:variable, <<99, 111, 110, 100>>},
        yes: [return_statement: {:integer, <<49>>}],
        no: []
      ],
      return_statement: {:integer, <<50>>}
    ]
  ]
]