{[
   if_statement: [
     condition: {:variable, <<97>>},
     yes: [return_statement: {:integer, <<49>>}],
     no: [
       if_statement: [
         condition: {:function_call,
          [
            calle: {:identifier, <<99, 111, 110, 100>>},
            args: [variable: <<97>>, integer: <<52>>]
          ]},
         yes: [return_statement: {:integer, <<50>>}],
         no: [
           if_statement: [
             condition: {:boolean, <<116, 114, 117, 101>>},
             yes: [return_statement: {:integer, <<51>>}],
             no: []
           ]
         ]
       ]
     ]
   ]
 ], []}