[
  new_line: <<10>>,
  keyword: <<102, 117, 110>>,
  identifier: <<102, 105, 98>>,
  variable: <<110>>,
  punctuator: <<45, 62>>,
  new_line: <<10>>,
  keyword: <<105, 102>>,
  new_line: <<10>>,
  identifier: <<108, 116, 101>>,
  punctuator: <<40>>,
  variable: <<110>>,
  punctuator: <<44>>,
  integer: <<50>>,
  punctuator: <<41>>,
  punctuator: <<58>>,
  keyword: <<114, 101, 116, 117, 114, 110>>,
  integer: <<49>>,
  new_line: <<10>>,
  punctuator: <<46>>,
  new_line: <<10>>,
  keyword: <<114, 101, 116, 117, 114, 110>>,
  identifier: <<97, 100, 100>>,
  punctuator: <<40>>,
  identifier: <<102, 105, 98>>,
  punctuator: <<40>>,
  identifier: <<115, 117, 98>>,
  punctuator: <<40>>,
  variable: <<110>>,
  punctuator: <<44>>,
  integer: <<49>>,
  punctuator: <<41>>,
  punctuator: <<41>>,
  punctuator: <<44>>,
  identifier: <<102, 105, 98>>,
  punctuator: <<40>>,
  identifier: <<115, 117, 98>>,
  punctuator: <<40>>,
  variable: <<110>>,
  punctuator: <<44>>,
  integer: <<50>>,
  punctuator: <<41>>,
  punctuator: <<41>>,
  punctuator: <<41>>,
  new_line: <<10>>,
  punctuator: <<46>>,
  new_line: <<10>>,
  keyword: <<102, 117, 110>>,
  identifier: <<109, 97, 105, 110>>,
  punctuator: <<45, 62>>,
  new_line: <<10>>,
  keyword: <<114, 101, 116, 117, 114, 110>>,
  identifier: <<102, 111, 114, 109, 97, 116>>,
  punctuator: <<40>>,
  string: <<84, 104, 101, 32, 36, 116, 104, 32, 102, 105, 98, 111, 110, 97, 99,
    99, 105, 32, 110, 117, 109, 98, 101, 114, 32, 105, 115, 32, 36, 33>>,
  punctuator: <<44>>,
  integer: <<52>>,
  punctuator: <<44>>,
  identifier: <<102, 105, 98>>,
  punctuator: <<40>>,
  integer: <<52>>,
  punctuator: <<41>>,
  punctuator: <<41>>,
  new_line: <<10>>,
  punctuator: <<46>>,
  new_line: <<10>>
]