[
  new_line: "\n",
  keyword: "fun",
  identifier: "fib",
  variable: "n",
  punctuator: "->",
  new_line: "\n",
  keyword: "if",
  new_line: "\n",
  identifier: "lte",
  punctuator: "(",
  variable: "n",
  punctuator: ",",
  integer: "2",
  punctuator: ")",
  punctuator: ":",
  keyword: "return",
  integer: "1",
  new_line: "\n",
  punctuator: ".",
  new_line: "\n",
  keyword: "return",
  identifier: "add",
  punctuator: "(",
  identifier: "fib",
  punctuator: "(",
  identifier: "sub",
  punctuator: "(",
  variable: "n",
  punctuator: ",",
  integer: "1",
  punctuator: ")",
  punctuator: ")",
  punctuator: ",",
  identifier: "fib",
  punctuator: "(",
  identifier: "sub",
  punctuator: "(",
  variable: "n",
  punctuator: ",",
  integer: "2",
  punctuator: ")",
  punctuator: ")",
  punctuator: ")",
  new_line: "\n",
  punctuator: ".",
  new_line: "\n",
  keyword: "fun",
  identifier: "main",
  punctuator: "->",
  new_line: "\n",
  keyword: "return",
  identifier: "format",
  punctuator: "(",
  string: "The $th fibonacci number is $!",
  punctuator: ",",
  integer: "4",
  punctuator: ",",
  identifier: "fib",
  punctuator: "(",
  integer: "4",
  punctuator: ")",
  punctuator: ")",
  new_line: "\n",
  punctuator: ".",
  new_line: "\n"
]