[
  keyword: "fun",
  identifier: "func",
  new_line: "\n",
  variable: "first",
  new_line: "\n",
  variable: "second",
  new_line: "\n",
  variable: "third",
  new_line: "\n",
  punctuator: "->",
  new_line: "\n",
  keyword: "if",
  new_line: "\n",
  identifier: "eq",
  punctuator: "(",
  variable: "second",
  punctuator: ",",
  integer: "1",
  punctuator: ")",
  punctuator: ":",
  keyword: "return",
  integer: "2",
  new_line: "\n",
  punctuator: ".",
  new_line: "\n",
  keyword: "return",
  identifier: "add",
  punctuator: "(",
  variable: "first",
  punctuator: ",",
  variable: "third",
  punctuator: ")",
  new_line: "\n",
  punctuator: ".",
  new_line: "\n"
]